12:10:24:790 [ALWAYS]	GUDE Logging Started
12:10:24:791 [INFO]	SqliteResumeCache::SqliteResumeCache basedirectory is null/empty
12:10:24:792 [ERROR]	SqliteResumeCache::CreateSqliteResumeCache creating resume cache pointer failure
12:10:24:792 [ERROR]	Initialize resume cache pointer failure
12:10:24:793 [INFO]	gude policy POLICY_USER limit (2,2,1) chunk 2097152, chunking (UL 0 DL 1), resXfer 1, adapt 0, NSURL 0, timeout 86400 
12:10:24:793 [INFO]	Initialized -- gude-lib version: v0.12.1 app: gude
12:10:26:771 [WARN]	Ignoring attempt to reinit logging to \gude at level 4 retaining 3 days of logs
12:10:26:771 [INFO]	SqliteResumeCache::SqliteResumeCache basedirectory is null/empty
12:10:26:771 [ERROR]	SqliteResumeCache::CreateSqliteResumeCache creating resume cache pointer failure
12:10:26:772 [ERROR]	Initialize resume cache pointer failure
12:10:26:772 [INFO]	gude policy POLICY_USER limit (4,4,1) chunk 2097152, chunking (UL 0 DL 1), resXfer 1, adapt 0, NSURL 1, timeout 86400 
12:10:26:772 [INFO]	Initialized -- gude-lib version: v0.12.1 app: gude
13:45:39:506 [ALWAYS]	GUDE Logging Started
13:45:39:507 [INFO]	SqliteResumeCache::SqliteResumeCache basedirectory is null/empty
13:45:39:507 [ERROR]	SqliteResumeCache::CreateSqliteResumeCache creating resume cache pointer failure
13:45:39:507 [ERROR]	Initialize resume cache pointer failure
13:45:39:507 [INFO]	gude policy POLICY_USER limit (2,2,1) chunk 2097152, chunking (UL 0 DL 1), resXfer 1, adapt 0, NSURL 0, timeout 86400 
13:45:39:507 [INFO]	Initialized -- gude-lib version: v0.12.1 app: gude
13:45:44:704 [WARN]	Ignoring attempt to reinit logging to \gude at level 4 retaining 3 days of logs
13:45:44:704 [INFO]	SqliteResumeCache::SqliteResumeCache basedirectory is null/empty
13:45:44:704 [ERROR]	SqliteResumeCache::CreateSqliteResumeCache creating resume cache pointer failure
13:45:44:704 [ERROR]	Initialize resume cache pointer failure
13:45:44:704 [INFO]	gude policy POLICY_USER limit (4,4,1) chunk 2097152, chunking (UL 0 DL 1), resXfer 1, adapt 0, NSURL 1, timeout 86400 
13:45:44:704 [INFO]	Initialized -- gude-lib version: v0.12.1 app: gude
