18:23:50:281 [ALWAYS]	GUDE Logging Started
18:23:50:282 [INFO]	SqliteResumeCache::SqliteResumeCache basedirectory is null/empty
18:23:50:282 [ERROR]	SqliteResumeCache::CreateSqliteResumeCache creating resume cache pointer failure
18:23:50:282 [ERROR]	Initialize resume cache pointer failure
18:23:50:282 [INFO]	gude policy POLICY_USER limit (2,2,1) chunk 2097152, chunking (UL 0 DL 1), resXfer 1, adapt 0, NSURL 0, timeout 86400 
18:23:50:282 [INFO]	Initialized -- gude-lib version: v0.12.1 app: gude
18:23:54:429 [WARN]	Ignoring attempt to reinit logging to \gude at level 4 retaining 3 days of logs
18:23:54:430 [INFO]	SqliteResumeCache::SqliteResumeCache basedirectory is null/empty
18:23:54:430 [ERROR]	SqliteResumeCache::CreateSqliteResumeCache creating resume cache pointer failure
18:23:54:430 [ERROR]	Initialize resume cache pointer failure
18:23:54:430 [INFO]	gude policy POLICY_USER limit (4,4,1) chunk 2097152, chunking (UL 0 DL 1), resXfer 1, adapt 0, NSURL 1, timeout 86400 
18:23:54:430 [INFO]	Initialized -- gude-lib version: v0.12.1 app: gude
18:36:18:416 [ALWAYS]	GUDE Logging Started
18:36:18:416 [INFO]	SqliteResumeCache::SqliteResumeCache basedirectory is null/empty
18:36:18:416 [ERROR]	SqliteResumeCache::CreateSqliteResumeCache creating resume cache pointer failure
18:36:18:416 [ERROR]	Initialize resume cache pointer failure
18:36:18:416 [INFO]	gude policy POLICY_USER limit (2,2,1) chunk 2097152, chunking (UL 0 DL 1), resXfer 1, adapt 0, NSURL 0, timeout 86400 
18:36:18:416 [INFO]	Initialized -- gude-lib version: v0.12.1 app: gude
18:36:22:485 [WARN]	Ignoring attempt to reinit logging to \gude at level 4 retaining 3 days of logs
18:36:22:485 [INFO]	SqliteResumeCache::SqliteResumeCache basedirectory is null/empty
18:36:22:485 [ERROR]	SqliteResumeCache::CreateSqliteResumeCache creating resume cache pointer failure
18:36:22:485 [ERROR]	Initialize resume cache pointer failure
18:36:22:485 [INFO]	gude policy POLICY_USER limit (4,4,1) chunk 2097152, chunking (UL 0 DL 1), resXfer 1, adapt 0, NSURL 1, timeout 86400 
18:36:22:485 [INFO]	Initialized -- gude-lib version: v0.12.1 app: gude
18:55:00:107 [ALWAYS]	GUDE Logging Started
18:55:00:108 [INFO]	SqliteResumeCache::SqliteResumeCache basedirectory is null/empty
18:55:00:108 [ERROR]	SqliteResumeCache::CreateSqliteResumeCache creating resume cache pointer failure
18:55:00:108 [ERROR]	Initialize resume cache pointer failure
18:55:00:108 [INFO]	gude policy POLICY_USER limit (2,2,1) chunk 2097152, chunking (UL 0 DL 1), resXfer 1, adapt 0, NSURL 0, timeout 86400 
18:55:00:108 [INFO]	Initialized -- gude-lib version: v0.12.1 app: gude
18:55:03:903 [WARN]	Ignoring attempt to reinit logging to \gude at level 4 retaining 3 days of logs
18:55:03:903 [INFO]	SqliteResumeCache::SqliteResumeCache basedirectory is null/empty
18:55:03:903 [ERROR]	SqliteResumeCache::CreateSqliteResumeCache creating resume cache pointer failure
18:55:03:903 [ERROR]	Initialize resume cache pointer failure
18:55:03:903 [INFO]	gude policy POLICY_USER limit (4,4,1) chunk 2097152, chunking (UL 0 DL 1), resXfer 1, adapt 0, NSURL 1, timeout 86400 
18:55:03:903 [INFO]	Initialized -- gude-lib version: v0.12.1 app: gude
