ASxxxx Linker V03.00 + NoICE + sdld,  page 1.
Hexadecimal  [32-Bits]

Area                                    Addr        Size        Decimal Bytes (Attributes)
--------------------------------        ----        ----        ------- ----- ------------
.  .ABS.                            00000000    00000000 =           0. bytes (ABS,CON)

      Value  Global                              Global Defined In Module
      -----  --------------------------------   ------------------------
     00000000  .__.ABS.                           
     00000000  _rRAMG                             
     00000000  l__BASE                         
     00000000  l__BSS                          
     00000000  l__CABS                         
     00000000  l__CODE_0                       
     00000000  l__CRASH_HEADER                 
     00000000  l__CRASH_SCRATCH                
     00000000  l__DABS                         
     00000000  l__EHL_TRAMPOLINE               
     00000000  l__HEADER                       
     00000000  l__HEADER_LCD                   
     00000000  l__HEADER_SIO                   
     00000000  l__HEADER_TIMER                 
     00000000  l__HEAP                         
     00000000  l__HRAM                         
     00000000  l__LIT                          
     00000000  s__CABS                         
     00000000  s__CRASH_HEADER                 
     00000000  s__CRASH_HEADER0                
     00000000  s__CRASH_HEADER1                
     00000000  s__CRASH_SCRATCH                
     00000000  s__CRASH_SCRATCH2               
     00000000  s__DABS                         
     00000000  s__EHL_TRAMPOLINE               
     00000000  s__EHL_TRAMPOLINE0              
     00000000  s__HEADER                       
     00000000  s__HEADER0                      
     00000000  s__HEADER1                      
     00000000  s__HEADER10                     
     00000000  s__HEADER11                     
     00000000  s__HEADER2                      
     00000000  s__HEADER3                      
     00000000  s__HEADER4                      
     00000000  s__HEADER5                      
     00000000  s__HEADER6                      
     00000000  s__HEADER7                      
     00000000  s__HEADER8                      
     00000000  s__HEADER9                      
     00000000  s__HEADER_LCD                   
     00000000  s__HEADER_LCD0                  
     00000000  s__HEADER_SIO                   
     00000000  s__HEADER_SIO0                  
     00000000  s__HEADER_TIMER                 
     00000000  s__HEADER_TIMER0                
     00000000  s__HEADERa                      
     00000000  s__HEADERb                      
     00000000  s__HEADERc                      
     00000000  s__HEADERd                      
     00000000  s__HEADERe                      
ASxxxx Linker V03.00 + NoICE + sdld,  page 2.
Hexadecimal  [32-Bits]

Area                                    Addr        Size        Decimal Bytes (Attributes)
--------------------------------        ----        ----        ------- ----- ------------
.  .ABS.                            00000000    00000000 =           0. bytes (ABS,CON)

      Value  Global                              Global Defined In Module
      -----  --------------------------------   ------------------------
     00000000  s__HEADERf                      
     00000000  s__HRAM                         
     00000000  s__HRAM12                       
     00000001  ___bank_ACTOR                      actor
     00000001  ___bank_VM_ACTOR                   vm_actor
     00000001  ___bank_VM_SGB                     vm_sgb
     00000001  ___bank_song_existing_Data         song_existing_Data
     00000001  ___mute_mask_sound_legacy_1        sound_legacy_1
     00000001  b_activate_actor                   actor
     00000001  b_activate_actors_in_col           actor
     00000001  b_activate_actors_in_row           actor
     00000001  b_actor_at_tile                    actor
     00000001  b_actor_get_frame_offset           actor
     00000001  b_actor_in_front_of_player         actor
     00000001  b_actor_overlapping_bb             actor
     00000001  b_actor_overlapping_player         actor
     00000001  b_actor_set_anim_idle              actor
     00000001  b_actor_set_anim_moving            actor
     00000001  b_actor_set_dir                    actor
     00000001  b_actor_set_frame_offset           actor
     00000001  b_actor_set_frames                 actor
     00000001  b_actors_handle_player_collision   actor
     00000001  b_actors_init                      actor
     00000001  b_check_collision_in_direction     actor
     00000001  b_deactivate_actor                 actor
     00000001  b_player_init                      actor
     00000001  b_set_sgb_border                   sgb_border
     00000001  b_ui_draw_frame                    ui
     00000001  b_ui_draw_text_buffer_char         ui
     00000001  b_ui_init                          ui
     00000001  b_ui_load_tiles                    ui
     00000001  b_ui_run_menu                      ui
     00000001  b_ui_run_modal                     ui
     00000001  b_ui_set_start_tile                ui
     00000001  b_vm_actor_activate                vm_actor
     00000001  b_vm_actor_deactivate              vm_actor
     00000001  b_vm_actor_emote                   vm_actor
     00000001  b_vm_actor_get_angle               vm_actor
     00000001  b_vm_actor_get_anim_frame          vm_actor
     00000001  b_vm_actor_get_dir                 vm_actor
     00000001  b_vm_actor_get_pos                 vm_actor
     00000001  b_vm_actor_move_cancel             vm_actor
     00000001  b_vm_actor_move_to                 vm_actor
     00000001  b_vm_actor_replace_tile            vm_actor
     00000001  b_vm_actor_set_anim                vm_actor
     00000001  b_vm_actor_set_anim_frame          vm_actor
     00000001  b_vm_actor_set_anim_set            vm_actor
     00000001  b_vm_actor_set_anim_tick           vm_actor
     00000001  b_vm_actor_set_bounds              vm_actor
     00000001  b_vm_actor_set_dir                 vm_actor
     00000001  b_vm_actor_set_flags               vm_actor
ASxxxx Linker V03.00 + NoICE + sdld,  page 3.
Hexadecimal  [32-Bits]

Area                                    Addr        Size        Decimal Bytes (Attributes)
--------------------------------        ----        ----        ------- ----- ------------
.  .ABS.                            00000000    00000000 =           0. bytes (ABS,CON)

      Value  Global                              Global Defined In Module
      -----  --------------------------------   ------------------------
     00000001  b_vm_actor_set_move_speed          vm_actor
     00000001  b_vm_actor_set_pos                 vm_actor
     00000001  b_vm_actor_set_spritesheet         vm_actor
     00000001  b_vm_actor_set_spritesheet_by_re   vm_actor
     00000001  b_vm_actor_terminate_update        vm_actor
     00000001  l__GSFINAL                      
     00000001  l__HEADER0                      
     00000001  l__HEADER11                     
     00000001  l__HEADER9                      
     00000001  l__HEADERa                      
     00000001  l__HEADERb                      
     00000001  l__HEADERd                      
     00000001  l__HEADERe                      
     00000002  ___bank_VM_MAIN                    vm
     00000002  ___bank_bg_3x3level_tilemap        bg_3x3level_tilemap
     00000002  ___bank_bg_finallevel_tilemap      bg_finallevel_tilemap
     00000002  ___bank_bg_placeholder_tileset     bg_placeholder_tileset
     00000002  ___bank_palette_0                  palette_0
     00000002  ___bank_script_input_9             script_input_9
     00000002  b_platform_init                    platform
     00000002  b_platform_update                  platform
     00000002  b_script_detach_hthread            vm
     00000002  b_script_execute                   vm
     00000002  b_script_runner_init               vm
     00000002  b_script_terminate                 vm
     00000002  b_vm_call                          vm
     00000002  b_vm_call_far                      vm
     00000002  b_vm_get_indirect                  vm
     00000002  b_vm_get_int16                     vm
     00000002  b_vm_get_int8                      vm
     00000002  b_vm_get_tlocal                    vm
     00000002  b_vm_get_uint8                     vm
     00000002  b_vm_idle                          vm
     00000002  b_vm_if                            vm
     00000002  b_vm_if_const                      vm
     00000002  b_vm_init_rng                      vm
     00000002  b_vm_invoke                        vm
     00000002  b_vm_join                          vm
     00000002  b_vm_jump                          vm
     00000002  b_vm_lock                          vm
     00000002  b_vm_loop                          vm
     00000002  b_vm_memcpy                        vm
     00000002  b_vm_memset                        vm
     00000002  b_vm_poll_loaded                   vm
     00000002  b_vm_pop                           vm
     00000002  b_vm_push                          vm
     00000002  b_vm_push_reference                vm
     00000002  b_vm_push_value                    vm
     00000002  b_vm_push_value_ind                vm
     00000002  b_vm_raise                         vm
     00000002  b_vm_rand                          vm
ASxxxx Linker V03.00 + NoICE + sdld,  page 4.
Hexadecimal  [32-Bits]

Area                                    Addr        Size        Decimal Bytes (Attributes)
--------------------------------        ----        ----        ------- ----- ------------
.  .ABS.                            00000000    00000000 =           0. bytes (ABS,CON)

      Value  Global                              Global Defined In Module
      -----  --------------------------------   ------------------------
     00000002  b_vm_reserve                       vm
     00000002  b_vm_ret                           vm
     00000002  b_vm_ret_far                       vm
     00000002  b_vm_set                           vm
     00000002  b_vm_set_const                     vm
     00000002  b_vm_set_const_int16               vm
     00000002  b_vm_set_const_int8                vm
     00000002  b_vm_set_indirect                  vm
     00000002  b_vm_set_int16                     vm
     00000002  b_vm_set_int8                      vm
     00000002  b_vm_set_uint8                     vm
     00000002  b_vm_terminate                     vm
     00000002  b_vm_test_terminate                vm
     00000002  b_vm_unlock                        vm
     00000002  b_wait_frames                      vm
     00000002  l__HEADER5                      
     00000002  l__HEADERc                      
     00000002  l__HEADERf                      
     00000003  ___bank_bg_6x2level_tilemap        bg_6x2level_tilemap
     00000003  ___bank_scene_4_collisions         scene_4_collisions
     00000003  ___bank_scene_6_collisions         scene_6_collisions
     00000003  ___bank_scene_9_collisions         scene_9_collisions
     00000003  ___bank_script_4                   script_4
     00000003  ___bank_script_input_0             script_input_0
     00000003  ___bank_song_menumusic_Data        song_menumusic_Data
     00000003  l__HEADER8                      
     00000003  l__HEADER_LCD0                  
     00000003  l__HRAM12                       
     00000004  ___bank_bg_2x6level_tilemap        bg_2x6level_tilemap
     00000004  ___bank_bg_gameover_tileset        bg_gameover_tileset
     00000004  ___bank_font_gbs_mono              font_gbs_mono
     00000004  ___bank_palette_1                  palette_1
     00000004  ___bank_scene_5_collisions         scene_5_collisions
     00000004  ___bank_scene_5_triggers           scene_5_triggers
     00000004  b_do_load_palette                  data_manager
     00000004  b_load_background                  data_manager
     00000004  b_load_bkg_tileset                 data_manager
     00000004  b_load_bounds                      data_manager
     00000004  b_load_emote                       data_manager
     00000004  b_load_init                        data_manager
     00000004  b_load_player                      data_manager
     00000004  b_load_scene                       data_manager
     00000004  b_load_sprite                      data_manager
     00000004  l__CRASH_HEADER1                
     00000004  l__HEADER_SIO0                  
     00000004  l__HEADER_TIMER0                
     00000005  ___bank_VM_GAMEBOY                 vm_gameboy
     00000005  ___bank_bg_2x6level_tileset        bg_2x6level_tileset
     00000005  ___bank_bg_3x3level_tileset        bg_3x3level_tileset
     00000005  ___bank_bg_finallevel_tileset      bg_finallevel_tileset
     00000005  ___bank_bg_mainmenu_tileset        bg_mainmenu_tileset
ASxxxx Linker V03.00 + NoICE + sdld,  page 5.
Hexadecimal  [32-Bits]

Area                                    Addr        Size        Decimal Bytes (Attributes)
--------------------------------        ----        ----        ------- ----- ------------
.  .ABS.                            00000000    00000000 =           0. bytes (ABS,CON)

      Value  Global                              Global Defined In Module
      -----  --------------------------------   ------------------------
     00000005  ___bank_script_engine_init         
     00000005  ___bank_song_levelsong_Data        song_levelsong_Data
     00000005  b_adventure_init                   adventure
     00000005  b_adventure_update                 adventure
     00000005  b_shmup_init                       shmup
     00000005  b_shmup_update                     shmup
     00000005  b_vm_context_prepare               vm_gameboy
     00000005  b_vm_fade                          vm_gameboy
     00000005  b_vm_get_tile_xy                   vm_gameboy
     00000005  b_vm_input_attach                  vm_gameboy
     00000005  b_vm_input_detach                  vm_gameboy
     00000005  b_vm_input_get                     vm_gameboy
     00000005  b_vm_input_wait                    vm_gameboy
     00000005  b_vm_load_tiles                    vm_gameboy
     00000005  b_vm_load_tileset                  vm_gameboy
     00000005  b_vm_poll                          vm_gameboy
     00000005  b_vm_replace_tile                  vm_gameboy
     00000005  b_vm_replace_tile_xy               vm_gameboy
     00000005  b_vm_rumble                        vm_gameboy
     00000005  b_vm_set_sprite_mode               vm_gameboy
     00000005  b_vm_set_sprites_visible           vm_gameboy
     00000005  b_vm_timer_prepare                 vm_gameboy
     00000005  b_vm_timer_reset                   vm_gameboy
     00000005  b_vm_timer_set                     vm_gameboy
     00000005  b_vm_timer_stop                    vm_gameboy
     00000005  l__CRASH_HEADER0                
     00000005  l__HEADER1                      
     00000006  ___bank_VM_UI                      vm_ui
     00000006  ___bank_bg_6x2level_tileset        bg_6x2level_tileset
     00000006  ___bank_bg_forestbunker_tileset    bg_forestbunker_tileset
     00000006  ___bank_bg_logo_tileset            bg_logo_tileset
     00000006  ___bank_scene_5_init               scene_5_init
     00000006  ___bank_script_23                  script_23
     00000006  ___bank_script_input_12            script_input_12
     00000006  ___bank_song_fightingmusic_Data    song_fightingmusic_Data
     00000006  ___bank_song_gameovermusic_Data    song_gameovermusic_Data
     00000006  ___bank_song_logomusic_Data        song_logomusic_Data
     00000006  ___bank_sprite_player              sprite_player
     00000006  b_scroll_init                      scroll
     00000006  b_scroll_repaint                   scroll
     00000006  b_scroll_reset                     scroll
     00000006  b_scroll_update                    scroll
     00000006  b_topdown_init                     topdown
     00000006  b_topdown_update                   topdown
     00000006  b_vm_choice                        vm_ui
     00000006  b_vm_display_text                  vm_ui
     00000006  b_vm_overlay_clear                 vm_ui
     00000006  b_vm_overlay_move_to               vm_ui
     00000006  b_vm_overlay_scroll                vm_ui
     00000006  b_vm_overlay_set_map               vm_ui
     00000006  b_vm_overlay_set_scroll            vm_ui
ASxxxx Linker V03.00 + NoICE + sdld,  page 6.
Hexadecimal  [32-Bits]

Area                                    Addr        Size        Decimal Bytes (Attributes)
--------------------------------        ----        ----        ------- ----- ------------
.  .ABS.                            00000000    00000000 =           0. bytes (ABS,CON)

      Value  Global                              Global Defined In Module
      -----  --------------------------------   ------------------------
     00000006  b_vm_overlay_set_submap            vm_ui
     00000006  b_vm_overlay_set_submap_ex         vm_ui
     00000006  b_vm_overlay_setpos                vm_ui
     00000006  b_vm_overlay_show                  vm_ui
     00000006  b_vm_overlay_wait                  vm_ui
     00000006  b_vm_set_font                      vm_ui
     00000006  b_vm_set_text_sound                vm_ui
     00000006  b_vm_switch_text_layer             vm_ui
     00000006  l__HEADER7                      
     00000007  ___bank_VM_SIO                     vm_sio
     00000007  ___bank_actor_36_interact          actor_36_interact
     00000007  ___bank_actor_5_interact           actor_5_interact
     00000007  ___bank_bg_undergroundbunker_til   bg_undergroundbunker_tileset
     00000007  ___bank_scene_6_init               scene_6_init
     00000007  ___bank_script_10                  script_10
     00000007  ___bank_script_15                  script_15
     00000007  ___bank_sprite_player_tileset      sprite_player_tileset
     00000007  ___bank_trigger_12_interact        trigger_12_interact
     00000007  ___bank_trigger_14_interact        trigger_14_interact
     00000007  ___bank_trigger_16_interact        trigger_16_interact
     00000007  ___bank_trigger_17_interact        trigger_17_interact
     00000007  b___HandleCrash_banked             
     00000007  b_core_reset                       core
     00000007  b_core_run                         core
     00000007  b_data_clear                       load_save
     00000007  b_data_init                        load_save
     00000007  b_data_load                        load_save
     00000007  b_data_peek                        load_save
     00000007  b_data_save                        load_save
     00000007  b_erase_flash                      
     00000007  b_gbprinter_detect                 gbprinter
     00000007  b_gbprinter_print_overlay          gbprinter
     00000007  b_pointnclick_init                 pointnclick
     00000007  b_pointnclick_update               pointnclick
     00000007  b_projectile_launch                projectiles
     00000007  b_projectiles_init                 projectiles
     00000007  b_save_sram_banks                  
     00000007  b_trigger_activate_at              trigger
     00000007  b_trigger_activate_at_intersecti   trigger
     00000007  b_trigger_at_intersection          trigger
     00000007  b_trigger_at_tile                  trigger
     00000007  b_trigger_interact                 trigger
     00000007  b_trigger_reset                    trigger
     00000007  b_vm_sio_exchange                  vm_sio
     00000007  b_vm_sio_set_mode                  vm_sio
     00000007  l__HEADER2                      
     00000008  ___bank_VM_CAMERA                  vm_camera
     00000008  ___bank_VM_GBPRINTER               vm_gbprinter
     00000008  ___bank_VM_MATH                    vm_math
     00000008  ___bank_VM_MUSIC                   vm_music
     00000008  ___bank_VM_PALETTE                 vm_palette
ASxxxx Linker V03.00 + NoICE + sdld,  page 7.
Hexadecimal  [32-Bits]

Area                                    Addr        Size        Decimal Bytes (Attributes)
--------------------------------        ----        ----        ------- ----- ------------
.  .ABS.                            00000000    00000000 =           0. bytes (ABS,CON)

      Value  Global                              Global Defined In Module
      -----  --------------------------------   ------------------------
     00000008  ___bank_VM_RTC                     vm_rtc
     00000008  ___bank_bg_forestbunker_tilemap    bg_forestbunker_tilemap
     00000008  ___bank_bg_gameover_tilemap        bg_gameover_tilemap
     00000008  ___bank_bg_logo_tilemap            bg_logo_tilemap
     00000008  ___bank_bg_mainmenu_tilemap        bg_mainmenu_tilemap
     00000008  ___bank_bg_placeholder_tilemap     bg_placeholder_tilemap
     00000008  ___bank_bg_undergroundbunker_til   bg_undergroundbunker_tilemap
     00000008  ___bank_scene_0_collisions         scene_0_collisions
     00000008  ___bank_scene_10_collisions        scene_10_collisions
     00000008  ___bank_scene_10_init              scene_10_init
     00000008  ___bank_scene_10_p_hit1            scene_10_p_hit1
     00000008  ___bank_scene_1_actors             scene_1_actors
     00000008  ___bank_scene_1_collisions         scene_1_collisions
     00000008  ___bank_scene_1_init               scene_1_init
     00000008  ___bank_scene_3_collisions         scene_3_collisions
     00000008  ___bank_scene_3_p_hit1             scene_3_p_hit1
     00000008  ___bank_scene_4_actors             scene_4_actors
     00000008  ___bank_scene_4_init               scene_4_init
     00000008  ___bank_scene_5_actors             scene_5_actors
     00000008  ___bank_scene_6_actors             scene_6_actors
     00000008  ___bank_scene_7_collisions         scene_7_collisions
     00000008  ___bank_scene_8_collisions         scene_8_collisions
     00000008  ___bank_scene_9_actors             scene_9_actors
     00000008  ___bank_script_18                  script_18
     00000008  ___bank_script_19                  script_19
     00000008  ___bank_script_22                  script_22
     00000008  ___bank_script_input_20            script_input_20
     00000008  ___bank_sprite_arrowcounter        sprite_arrowcounter
     00000008  ___bank_sprite_arrowcounter_tile   sprite_arrowcounter_tileset
     00000008  ___bank_sprite_ennemy_grass        sprite_ennemy_grass
     00000008  ___bank_sprite_ennemy_grass_tile   sprite_ennemy_grass_tileset
     00000008  ___bank_sprite_health_hud          sprite_health_hud
     00000008  ___bank_sprite_hud                 sprite_hud
     00000008  ___bank_sprite_hud_tileset         sprite_hud_tileset
     00000008  ___bank_sprite_normalenemy_tiles   sprite_normalenemy_tileset
     00000008  ___bank_trigger_40_interact        trigger_40_interact
     00000008  ___bank_trigger_59_interact        trigger_59_interact
     00000008  ___mute_mask_sound_legacy_0        sound_legacy_0
     00000008  ___mute_mask_sound_legacy_2        sound_legacy_2
     00000008  b_camera_shake_frames              vm_camera
     00000008  b_fade_applypalettechange          fade_manager
     00000008  b_fade_in                          fade_manager
     00000008  b_fade_in_modal                    fade_manager
     00000008  b_fade_init                        fade_manager
     00000008  b_fade_out                         fade_manager
     00000008  b_fade_out_modal                   fade_manager
     00000008  b_fade_setspeed                    fade_manager
     00000008  b_fade_update                      fade_manager
     00000008  b_vm_camera_move_to                vm_camera
     00000008  b_vm_camera_set_pos                vm_camera
     00000008  b_vm_cos_scale                     vm_math
ASxxxx Linker V03.00 + NoICE + sdld,  page 8.
Hexadecimal  [32-Bits]

Area                                    Addr        Size        Decimal Bytes (Attributes)
--------------------------------        ----        ----        ------- ----- ------------
.  .ABS.                            00000000    00000000 =           0. bytes (ABS,CON)

      Value  Global                              Global Defined In Module
      -----  --------------------------------   ------------------------
     00000008  b_vm_load_palette                  vm_palette
     00000008  b_vm_music_mute                    vm_music
     00000008  b_vm_music_play                    vm_music
     00000008  b_vm_music_routine                 vm_music
     00000008  b_vm_music_setpos                  vm_music
     00000008  b_vm_music_stop                    vm_music
     00000008  b_vm_print_detect                  vm_gbprinter
     00000008  b_vm_print_overlay                 vm_gbprinter
     00000008  b_vm_rtc_get                       vm_rtc
     00000008  b_vm_rtc_latch                     vm_rtc
     00000008  b_vm_rtc_set                       vm_rtc
     00000008  b_vm_rtc_start                     vm_rtc
     00000008  b_vm_sfx_play                      vm_music
     00000008  b_vm_sin_scale                     vm_math
     00000008  b_vm_sound_mastervol               vm_music
     00000008  l__HEADER3                      
     00000009  ___bank_VM_PROJECTILE              vm_projectiles
     00000009  ___bank_actor_0_update             actor_0_update
     00000009  ___bank_actor_10_update            actor_10_update
     00000009  ___bank_actor_18_update            actor_18_update
     00000009  ___bank_actor_19_update            actor_19_update
     00000009  ___bank_actor_25_update            actor_25_update
     00000009  ___bank_actor_26_update            actor_26_update
     00000009  ___bank_actor_28_update            actor_28_update
     00000009  ___bank_actor_39_update            actor_39_update
     00000009  ___bank_actor_3_update             actor_3_update
     00000009  ___bank_scene_10_actors            scene_10_actors
     00000009  ___bank_scene_6_triggers           scene_6_triggers
     00000009  ___bank_script_13                  script_13
     00000009  ___bank_script_14                  script_14
     00000009  ___bank_script_17                  script_17
     00000009  ___bank_trigger_0_interact         trigger_0_interact
     00000009  ___bank_trigger_10_interact        trigger_10_interact
     00000009  ___bank_trigger_11_interact        trigger_11_interact
     00000009  ___bank_trigger_19_interact        trigger_19_interact
     00000009  ___bank_trigger_1_interact         trigger_1_interact
     00000009  ___bank_trigger_20_interact        trigger_20_interact
     00000009  ___bank_trigger_22_interact        trigger_22_interact
     00000009  ___bank_trigger_23_interact        trigger_23_interact
     00000009  ___bank_trigger_24_interact        trigger_24_interact
     00000009  ___bank_trigger_25_interact        trigger_25_interact
     00000009  ___bank_trigger_26_interact        trigger_26_interact
     00000009  ___bank_trigger_27_interact        trigger_27_interact
     00000009  ___bank_trigger_28_interact        trigger_28_interact
     00000009  ___bank_trigger_29_interact        trigger_29_interact
     00000009  ___bank_trigger_2_interact         trigger_2_interact
     00000009  ___bank_trigger_30_interact        trigger_30_interact
     00000009  ___bank_trigger_31_interact        trigger_31_interact
     00000009  ___bank_trigger_32_interact        trigger_32_interact
     00000009  ___bank_trigger_33_interact        trigger_33_interact
     00000009  ___bank_trigger_34_interact        trigger_34_interact
ASxxxx Linker V03.00 + NoICE + sdld,  page 9.
Hexadecimal  [32-Bits]

Area                                    Addr        Size        Decimal Bytes (Attributes)
--------------------------------        ----        ----        ------- ----- ------------
.  .ABS.                            00000000    00000000 =           0. bytes (ABS,CON)

      Value  Global                              Global Defined In Module
      -----  --------------------------------   ------------------------
     00000009  ___bank_trigger_35_interact        trigger_35_interact
     00000009  ___bank_trigger_36_interact        trigger_36_interact
     00000009  ___bank_trigger_37_interact        trigger_37_interact
     00000009  ___bank_trigger_38_interact        trigger_38_interact
     00000009  ___bank_trigger_39_interact        trigger_39_interact
     00000009  ___bank_trigger_3_interact         trigger_3_interact
     00000009  ___bank_trigger_47_interact        trigger_47_interact
     00000009  ___bank_trigger_48_interact        trigger_48_interact
     00000009  ___bank_trigger_49_interact        trigger_49_interact
     00000009  ___bank_trigger_4_interact         trigger_4_interact
     00000009  ___bank_trigger_50_interact        trigger_50_interact
     00000009  ___bank_trigger_51_interact        trigger_51_interact
     00000009  ___bank_trigger_52_interact        trigger_52_interact
     00000009  ___bank_trigger_53_interact        trigger_53_interact
     00000009  ___bank_trigger_54_interact        trigger_54_interact
     00000009  ___bank_trigger_55_interact        trigger_55_interact
     00000009  ___bank_trigger_56_interact        trigger_56_interact
     00000009  ___bank_trigger_57_interact        trigger_57_interact
     00000009  ___bank_trigger_58_interact        trigger_58_interact
     00000009  ___bank_trigger_5_interact         trigger_5_interact
     00000009  ___bank_trigger_61_interact        trigger_61_interact
     00000009  ___bank_trigger_62_interact        trigger_62_interact
     00000009  ___bank_trigger_63_interact        trigger_63_interact
     00000009  ___bank_trigger_66_interact        trigger_66_interact
     00000009  ___bank_trigger_67_interact        trigger_67_interact
     00000009  ___bank_trigger_69_interact        trigger_69_interact
     00000009  ___bank_trigger_6_interact         trigger_6_interact
     00000009  ___bank_trigger_71_interact        trigger_71_interact
     00000009  ___bank_trigger_72_interact        trigger_72_interact
     00000009  ___bank_trigger_74_interact        trigger_74_interact
     00000009  ___bank_trigger_77_interact        trigger_77_interact
     00000009  ___bank_trigger_78_interact        trigger_78_interact
     00000009  ___bank_trigger_79_interact        trigger_79_interact
     00000009  ___bank_trigger_7_interact         trigger_7_interact
     00000009  ___bank_trigger_8_interact         trigger_8_interact
     00000009  ___bank_trigger_9_interact         trigger_9_interact
     00000009  b_itoa_fmt                         vm_ui_a
     00000009  b_music_events_poll                music_manager
     00000009  b_music_init_driver                music_manager
     00000009  b_music_init_events                music_manager
     00000009  b_vm_projectile_launch             vm_projectiles
     00000009  b_vm_projectile_load_type          vm_projectiles
     0000000A  ___bank_VM_LOAD_SAVE               vm_load_save
     0000000A  ___bank_VM_SCENE                   vm_scene
     0000000A  ___bank_actor_11_interact          actor_11_interact
     0000000A  ___bank_actor_11_update            actor_11_update
     0000000A  ___bank_actor_12_interact          actor_12_interact
     0000000A  ___bank_actor_13_interact          actor_13_interact
     0000000A  ___bank_actor_13_update            actor_13_update
     0000000A  ___bank_actor_14_interact          actor_14_interact
     0000000A  ___bank_actor_14_update            actor_14_update
ASxxxx Linker V03.00 + NoICE + sdld,  page 10.
Hexadecimal  [32-Bits]

Area                                    Addr        Size        Decimal Bytes (Attributes)
--------------------------------        ----        ----        ------- ----- ------------
.  .ABS.                            00000000    00000000 =           0. bytes (ABS,CON)

      Value  Global                              Global Defined In Module
      -----  --------------------------------   ------------------------
     0000000A  ___bank_actor_15_interact          actor_15_interact
     0000000A  ___bank_actor_15_update            actor_15_update
     0000000A  ___bank_actor_16_interact          actor_16_interact
     0000000A  ___bank_actor_16_update            actor_16_update
     0000000A  ___bank_actor_17_interact          actor_17_interact
     0000000A  ___bank_actor_17_update            actor_17_update
     0000000A  ___bank_actor_1_interact           actor_1_interact
     0000000A  ___bank_actor_1_update             actor_1_update
     0000000A  ___bank_actor_21_interact          actor_21_interact
     0000000A  ___bank_actor_21_update            actor_21_update
     0000000A  ___bank_actor_22_interact          actor_22_interact
     0000000A  ___bank_actor_22_update            actor_22_update
     0000000A  ___bank_actor_23_interact          actor_23_interact
     0000000A  ___bank_actor_23_update            actor_23_update
     0000000A  ___bank_actor_24_interact          actor_24_interact
     0000000A  ___bank_actor_24_update            actor_24_update
     0000000A  ___bank_actor_29_interact          actor_29_interact
     0000000A  ___bank_actor_29_update            actor_29_update
     0000000A  ___bank_actor_2_interact           actor_2_interact
     0000000A  ___bank_actor_2_update             actor_2_update
     0000000A  ___bank_actor_30_interact          actor_30_interact
     0000000A  ___bank_actor_30_update            actor_30_update
     0000000A  ___bank_actor_31_interact          actor_31_interact
     0000000A  ___bank_actor_31_update            actor_31_update
     0000000A  ___bank_actor_32_interact          actor_32_interact
     0000000A  ___bank_actor_32_update            actor_32_update
     0000000A  ___bank_actor_33_interact          actor_33_interact
     0000000A  ___bank_actor_33_update            actor_33_update
     0000000A  ___bank_actor_34_interact          actor_34_interact
     0000000A  ___bank_actor_37_interact          actor_37_interact
     0000000A  ___bank_actor_37_update            actor_37_update
     0000000A  ___bank_actor_40_update            actor_40_update
     0000000A  ___bank_actor_41_interact          actor_41_interact
     0000000A  ___bank_actor_41_update            actor_41_update
     0000000A  ___bank_actor_42_interact          actor_42_interact
     0000000A  ___bank_actor_42_update            actor_42_update
     0000000A  ___bank_actor_43_interact          actor_43_interact
     0000000A  ___bank_actor_43_update            actor_43_update
     0000000A  ___bank_actor_44_interact          actor_44_interact
     0000000A  ___bank_actor_44_update            actor_44_update
     0000000A  ___bank_actor_45_interact          actor_45_interact
     0000000A  ___bank_actor_45_update            actor_45_update
     0000000A  ___bank_actor_8_interact           actor_8_interact
     0000000A  ___bank_actor_8_update             actor_8_update
     0000000A  ___bank_actor_9_interact           actor_9_interact
     0000000A  ___bank_actor_9_update             actor_9_update
     0000000A  ___bank_bg_2x6level                bg_2x6level
     0000000A  ___bank_bg_3x3level                bg_3x3level
     0000000A  ___bank_bg_6x2level                bg_6x2level
     0000000A  ___bank_bg_finallevel              bg_finallevel
     0000000A  ___bank_bg_forestbunker            bg_forestbunker
ASxxxx Linker V03.00 + NoICE + sdld,  page 11.
Hexadecimal  [32-Bits]

Area                                    Addr        Size        Decimal Bytes (Attributes)
--------------------------------        ----        ----        ------- ----- ------------
.  .ABS.                            00000000    00000000 =           0. bytes (ABS,CON)

      Value  Global                              Global Defined In Module
      -----  --------------------------------   ------------------------
     0000000A  ___bank_bg_gameover                bg_gameover
     0000000A  ___bank_bg_logo                    bg_logo
     0000000A  ___bank_bg_mainmenu                bg_mainmenu
     0000000A  ___bank_bg_placeholder             bg_placeholder
     0000000A  ___bank_bg_undergroundbunker       bg_undergroundbunker
     0000000A  ___bank_bootstrap_script           
     0000000A  ___bank_cursor_image               cursor_image
     0000000A  ___bank_frame_image                frame_image
     0000000A  ___bank_scene_0                    scene_0
     0000000A  ___bank_scene_0_init               scene_0_init
     0000000A  ___bank_scene_1                    scene_1
     0000000A  ___bank_scene_10                   scene_10
     0000000A  ___bank_scene_10_projectiles       scene_10_projectiles
     0000000A  ___bank_scene_10_sprites           scene_10_sprites
     0000000A  ___bank_scene_1_p_hit1             scene_1_p_hit1
     0000000A  ___bank_scene_1_projectiles        scene_1_projectiles
     0000000A  ___bank_scene_1_sprites            scene_1_sprites
     0000000A  ___bank_scene_3                    scene_3
     0000000A  ___bank_scene_3_actors             scene_3_actors
     0000000A  ___bank_scene_3_init               scene_3_init
     0000000A  ___bank_scene_3_projectiles        scene_3_projectiles
     0000000A  ___bank_scene_3_sprites            scene_3_sprites
     0000000A  ___bank_scene_4                    scene_4
     0000000A  ___bank_scene_4_p_hit1             scene_4_p_hit1
     0000000A  ___bank_scene_4_projectiles        scene_4_projectiles
     0000000A  ___bank_scene_4_sprites            scene_4_sprites
     0000000A  ___bank_scene_4_triggers           scene_4_triggers
     0000000A  ___bank_scene_5                    scene_5
     0000000A  ___bank_scene_5_p_hit1             scene_5_p_hit1
     0000000A  ___bank_scene_5_projectiles        scene_5_projectiles
     0000000A  ___bank_scene_5_sprites            scene_5_sprites
     0000000A  ___bank_scene_6                    scene_6
     0000000A  ___bank_scene_6_p_hit1             scene_6_p_hit1
     0000000A  ___bank_scene_6_projectiles        scene_6_projectiles
     0000000A  ___bank_scene_6_sprites            scene_6_sprites
     0000000A  ___bank_scene_7                    scene_7
     0000000A  ___bank_scene_7_init               scene_7_init
     0000000A  ___bank_scene_8                    scene_8
     0000000A  ___bank_scene_8_init               scene_8_init
     0000000A  ___bank_scene_9                    scene_9
     0000000A  ___bank_scene_9_init               scene_9_init
     0000000A  ___bank_scene_9_p_hit1             scene_9_p_hit1
     0000000A  ___bank_scene_9_projectiles        scene_9_projectiles
     0000000A  ___bank_scene_9_sprites            scene_9_sprites
     0000000A  ___bank_scene_9_triggers           scene_9_triggers
     0000000A  ___bank_script_0                   script_0
     0000000A  ___bank_script_1                   script_1
     0000000A  ___bank_script_11                  script_11
     0000000A  ___bank_script_16                  script_16
     0000000A  ___bank_script_2                   script_2
     0000000A  ___bank_script_20                  script_20
ASxxxx Linker V03.00 + NoICE + sdld,  page 12.
Hexadecimal  [32-Bits]

Area                                    Addr        Size        Decimal Bytes (Attributes)
--------------------------------        ----        ----        ------- ----- ------------
.  .ABS.                            00000000    00000000 =           0. bytes (ABS,CON)

      Value  Global                              Global Defined In Module
      -----  --------------------------------   ------------------------
     0000000A  ___bank_script_21                  script_21
     0000000A  ___bank_script_5                   script_5
     0000000A  ___bank_script_6                   script_6
     0000000A  ___bank_script_7                   script_7
     0000000A  ___bank_script_8                   script_8
     0000000A  ___bank_script_9                   script_9
     0000000A  ___bank_script_input_1             script_input_1
     0000000A  ___bank_script_input_10            script_input_10
     0000000A  ___bank_script_input_11            script_input_11
     0000000A  ___bank_script_input_13            script_input_13
     0000000A  ___bank_script_input_14            script_input_14
     0000000A  ___bank_script_input_15            script_input_15
     0000000A  ___bank_script_input_16            script_input_16
     0000000A  ___bank_script_input_17            script_input_17
     0000000A  ___bank_script_input_18            script_input_18
     0000000A  ___bank_script_input_19            script_input_19
     0000000A  ___bank_script_input_2             script_input_2
     0000000A  ___bank_script_input_21            script_input_21
     0000000A  ___bank_script_input_3             script_input_3
     0000000A  ___bank_script_input_4             script_input_4
     0000000A  ___bank_script_input_5             script_input_5
     0000000A  ___bank_script_input_6             script_input_6
     0000000A  ___bank_script_input_7             script_input_7
     0000000A  ___bank_script_input_8             script_input_8
     0000000A  ___bank_sound_legacy_0             sound_legacy_0
     0000000A  ___bank_sound_legacy_1             sound_legacy_1
     0000000A  ___bank_sound_legacy_2             sound_legacy_2
     0000000A  ___bank_sprite_health_hud_tilese   sprite_health_hud_tileset
     0000000A  ___bank_sprite_keys                sprite_keys
     0000000A  ___bank_sprite_keys_tileset        sprite_keys_tileset
     0000000A  ___bank_sprite_normalenemy         sprite_normalenemy
     0000000A  ___bank_sprite_stunprojectile      sprite_stunprojectile
     0000000A  ___bank_sprite_stunprojectile_ti   sprite_stunprojectile_tilese
     0000000A  ___bank_sprite_swordprojectile     sprite_swordprojectile
     0000000A  ___bank_sprite_swordprojectile_t   sprite_swordprojectile_tiles
     0000000A  ___bank_spritesheet_none           spritesheet_none
     0000000A  ___bank_trigger_13_interact        trigger_13_interact
     0000000A  ___bank_trigger_15_interact        trigger_15_interact
     0000000A  ___bank_trigger_18_interact        trigger_18_interact
     0000000A  ___bank_trigger_21_interact        trigger_21_interact
     0000000A  ___bank_trigger_41_interact        trigger_41_interact
     0000000A  ___bank_trigger_42_interact        trigger_42_interact
     0000000A  ___bank_trigger_43_interact        trigger_43_interact
     0000000A  ___bank_trigger_44_interact        trigger_44_interact
     0000000A  ___bank_trigger_45_interact        trigger_45_interact
     0000000A  ___bank_trigger_46_interact        trigger_46_interact
     0000000A  ___bank_trigger_60_interact        trigger_60_interact
     0000000A  ___bank_trigger_64_interact        trigger_64_interact
     0000000A  ___bank_trigger_65_interact        trigger_65_interact
     0000000A  ___bank_trigger_68_interact        trigger_68_interact
     0000000A  ___bank_trigger_70_interact        trigger_70_interact
ASxxxx Linker V03.00 + NoICE + sdld,  page 13.
Hexadecimal  [32-Bits]

Area                                    Addr        Size        Decimal Bytes (Attributes)
--------------------------------        ----        ----        ------- ----- ------------
.  .ABS.                            00000000    00000000 =           0. bytes (ABS,CON)

      Value  Global                              Global Defined In Module
      -----  --------------------------------   ------------------------
     0000000A  ___bank_trigger_73_interact        trigger_73_interact
     0000000A  ___bank_trigger_75_interact        trigger_75_interact
     0000000A  ___bank_trigger_76_interact        trigger_76_interact
     0000000A  b_SIO_init                         sio
     0000000A  b_camera_init                      camera
     0000000A  b_camera_reset                     camera
     0000000A  b_events_init                      events
     0000000A  b_input_init                       input
     0000000A  b_logo_init                        logo
     0000000A  b_logo_update                      logo
     0000000A  b_palette_init                     palette
     0000000A  b_parallax_init                    parallax
     0000000A  b_remove_LCD_ISRs                  interrupts
     0000000A  b_restore_sram                     flasher
     0000000A  b_restore_sram_bank                flasher
     0000000A  b_save_sram                        flasher
     0000000A  b_scroll_rect                      
     0000000A  b_timers_init                      events
     0000000A  b_vm_save_clear                    vm_load_save
     0000000A  b_vm_save_peek                     vm_load_save
     0000000A  b_vm_scene_pop                     vm_scene
     0000000A  b_vm_scene_pop_all                 vm_scene
     0000000A  b_vm_scene_push                    vm_scene
     0000000A  b_vm_scene_stack_reset             vm_scene
     0000000C  __start_save                    
     00000011  l__EHL_TRAMPOLINE0              
     00000019  l__INITIALIZED                  
     00000019  l__INITIALIZER                  
     00000027  l__GSINIT                       
     00000030  l__HEADER6                      
     0000004E  l__HEADER4                      
     00000082  l__HEADER10                     
     000001CB  l__CRASH_SCRATCH2               
     00000200  s__CODE                         
     00000BE1  l__CODE                         
     00000DE1  s__HOME                         
     0000197E  l__DATA                         
     00002000  _rROMB0                            
     00002B97  l__HOME                         
     00003000  _rROMB1                            
     000031B3  l__CODE_10                      
     00003978  s__BASE                         
     00003978  s__CODE_0                       
     00003978  s__INITIALIZER                  
     00003978  s__LIT                          
     00003991  s__GSINIT                       
     000039B8  s__GSFINAL                      
     00003FFF  l__CODE_4                       
     00003FFF  l__CODE_6                       
     00003FFF  l__CODE_8                       
     00004000  _RTC_SELECT_REG                    vm_rtc
ASxxxx Linker V03.00 + NoICE + sdld,  page 14.
Hexadecimal  [32-Bits]

Area                                    Addr        Size        Decimal Bytes (Attributes)
--------------------------------        ----        ----        ------- ----- ------------
.  .ABS.                            00000000    00000000 =           0. bytes (ABS,CON)

      Value  Global                              Global Defined In Module
      -----  --------------------------------   ------------------------
     00004000  _rRAMB                             
     00004000  l__CODE_1                       
     00004000  l__CODE_2                       
     00004000  l__CODE_3                       
     00004000  l__CODE_5                       
     00004000  l__CODE_7                       
     00004000  l__CODE_9                       
     00006000  _RTC_LATCH_REG                     vm_rtc
     00008000  __VRAM                             
     00008000  __VRAM8000                         
     00008800  __VRAM8800                         
     00009000  __VRAM9000                         
     00009800  __SCRN0                            
     00009C00  __SCRN1                            
     0000A000  _RTC_VALUE_REG                     vm_rtc
     0000A000  __SRAM                             
     0000C000  __RAM                              
     0000C000  _shadow_OAM                     
     0000C0A0  s__DATA                         
     0000D000  __RAMBANK                          
     0000DA1E  s__BSS                          
     0000DA1E  s__INITIALIZED                  
     0000DA37  s__HEAP                         
     0000DF00  .STACK                          
     0000DF00  _shadow_OAM2                       absolute
     0000DFA0  _BkgPalette                        absolute
     0000DFE0  _vwf_tile_data                     absolute
     0000FE00  __OAMRAM                           
     0000FF00  _P1_REG                            
     0000FF00  __IO                               
     0000FF01  _SB_REG                            
     0000FF02  _SC_REG                            
     0000FF04  _DIV_REG                           
     0000FF05  _TIMA_REG                          
     0000FF06  _TMA_REG                           
     0000FF07  _TAC_REG                           
     0000FF0F  _IF_REG                            
     0000FF10  _NR10_REG                          
     0000FF11  _NR11_REG                          
     0000FF12  _NR12_REG                          
     0000FF13  _NR13_REG                          
     0000FF14  _NR14_REG                          
     0000FF16  _NR21_REG                          
     0000FF17  _NR22_REG                          
     0000FF18  _NR23_REG                          
     0000FF19  _NR24_REG                          
     0000FF1A  _NR30_REG                          
     0000FF1B  _NR31_REG                          
     0000FF1C  _NR32_REG                          
     0000FF1D  _NR33_REG                          
     0000FF1E  _NR34_REG                          
ASxxxx Linker V03.00 + NoICE + sdld,  page 15.
Hexadecimal  [32-Bits]

Area                                    Addr        Size        Decimal Bytes (Attributes)
--------------------------------        ----        ----        ------- ----- ------------
.  .ABS.                            00000000    00000000 =           0. bytes (ABS,CON)

      Value  Global                              Global Defined In Module
      -----  --------------------------------   ------------------------
     0000FF20  _NR41_REG                          
     0000FF21  _NR42_REG                          
     0000FF22  _NR43_REG                          
     0000FF23  _NR44_REG                          
     0000FF24  _NR50_REG                          
     0000FF25  _NR51_REG                          
     0000FF26  _NR52_REG                          
     0000FF30  _AUD3WAVE                          
     0000FF30  _PCM_SAMPLE                        
     0000FF30  __AUD3WAVERAM                      
     0000FF40  _LCDC_REG                          
     0000FF41  _STAT_REG                          
     0000FF42  _SCY_REG                           
     0000FF43  _SCX_REG                           
     0000FF44  _LY_REG                            
     0000FF45  _LYC_REG                           
     0000FF46  _DMA_REG                           
     0000FF47  _BGP_REG                           
     0000FF48  _OBP0_REG                          
     0000FF49  _OBP1_REG                          
     0000FF4A  _WY_REG                            
     0000FF4B  _WX_REG                            
     0000FF4D  _KEY1_REG                          
     0000FF4F  _VBK_REG                           
     0000FF51  _HDMA1_REG                         
     0000FF52  _HDMA2_REG                         
     0000FF53  _HDMA3_REG                         
     0000FF54  _HDMA4_REG                         
     0000FF55  _HDMA5_REG                         
     0000FF56  _RP_REG                            
     0000FF68  _BCPS_REG                          
     0000FF69  _BCPD_REG                          
     0000FF6A  _OCPS_REG                          
     0000FF6B  _OCPD_REG                          
     0000FF70  _SVBK_REG                          
     0000FF76  _PCM12_REG                         
     0000FF77  _PCM34_REG                         
     0000FF80  .refresh_OAM                    
     0000FF80  __HRAM                             
     0000FFFF  _IE_REG                            
     00014000  s__CODE_1                       
     00024000  s__CODE_2                       
     00034000  s__CODE_3                       
     00044000  s__CODE_4                       
     00054000  s__CODE_5                       
     00064000  s__CODE_6                       
     00074000  s__CODE_7                       
     00084000  s__CODE_8                       
     00094000  s__CODE_9                       
     000A4000  s__CODE_10                      

ASxxxx Linker V03.00 + NoICE + sdld,  page 16.
Hexadecimal  [32-Bits]

Area                                    Addr        Size        Decimal Bytes (Attributes)
--------------------------------        ----        ----        ------- ----- ------------
_CODE                               00000200    00000BE1 =        3041. bytes (REL,CON)

      Value  Global                              Global Defined In Module
      -----  --------------------------------   ------------------------
     00000200  ___HandleCrash                     
     0000020A  _SIO_send_byte                     
     0000021D  _SIO_receive                       
     0000022E  _SetTile                           
     0000023D  _set_win_tile_xy                   
     00000242  _set_bkg_tile_xy                   
     00000265  _GetWinAddr                        
     0000026D  _GetBkgAddr                        
     0000027B  _state_init                        
     00000280  _state_update                      
     000002A2  _ui_time_masks                     
     000002AA  _ui_print_shift_char               
     0000032D  _ui_draw_frame_row                 
     00000336  .ui_draw_frame_row                 
     0000035F  _script_cmds                       vm_instructions
     00000593  _save_signature                    game_signature
     00000597  _start_scene_x                     
     00000599  _start_scene_y                     
     0000059B  _start_scene_dir                   
     0000059C  _start_scene                       
     0000059F  _start_player_move_speed           
     000005A0  _start_player_anim_tick            
     000005A1  _ui_fonts                          
     000005A4  _core_reset_hook                   main
     000005AC  _main                              main
     000005B4  _state_start_fns                   
     000005C6  _state_update_fns                  
     000005D8  _hUGE_init_banked                  hUGEDriver_obj
     000005DC  _hUGE_init                         hUGEDriver_obj
     000005E7  _hUGE_mute_channel_banked          hUGEDriver_obj
     000005EB  _hUGE_mute_channel                 hUGEDriver_obj
     000005F8  _hUGE_set_position_banked          hUGEDriver_obj
     000005FC  _hUGE_set_position                 hUGEDriver_obj
     00000605  hUGE_init                          hUGEDriver_obj
     0000065B  hUGE_mute_channel                  hUGEDriver_obj
     00000851  hUGE_set_position                  hUGEDriver_obj
     000009B9  _hUGE_dosound                      hUGEDriver_obj
     000009B9  _hUGE_dosound_banked               hUGEDriver_obj
     000009B9  hUGE_dosound                       hUGEDriver_obj
     00000CA8  _get_vram_byte                     
     00000CB5  _get_win_tile_xy                   
     00000CBD  _get_bkg_tile_xy                   
     00000CE4  _hide_sprites_range                Metasprites
     00000D14  .sgb_check                         
     00000D14  _sgb_check                         
     00000D5C  _sgb_transfer                      
     00000D61  .sgb_transfer                      
     00000DA2  ___move_metasprite                 Metasprites
ASxxxx Linker V03.00 + NoICE + sdld,  page 17.
Hexadecimal  [32-Bits]

Area                                    Addr        Size        Decimal Bytes (Attributes)
--------------------------------        ----        ----        ------- ----- ------------
_HEADER0                            00000000    00000001 =           1. bytes (ABS,CON)

      Value  Global                              Global Defined In Module
      -----  --------------------------------   ------------------------
     00000020  .call_hl                           Runtime

ASxxxx Linker V03.00 + NoICE + sdld,  page 18.
Hexadecimal  [32-Bits]

Area                                    Addr        Size        Decimal Bytes (Attributes)
--------------------------------        ----        ----        ------- ----- ------------
_HEADER1                            00000000    00000005 =           5. bytes (ABS,CON)

      Value  Global                              Global Defined In Module
      -----  --------------------------------   ------------------------
     00000028  .MemsetSmall                       Runtime

ASxxxx Linker V03.00 + NoICE + sdld,  page 19.
Hexadecimal  [32-Bits]

Area                                    Addr        Size        Decimal Bytes (Attributes)
--------------------------------        ----        ----        ------- ----- ------------
_HEADER2                            00000000    00000007 =           7. bytes (ABS,CON)

      Value  Global                              Global Defined In Module
      -----  --------------------------------   ------------------------
     00000030  .MemcpySmall                       Runtime

ASxxxx Linker V03.00 + NoICE + sdld,  page 20.
Hexadecimal  [32-Bits]

Area                                    Addr        Size        Decimal Bytes (Attributes)
--------------------------------        ----        ----        ------- ----- ------------
_HEADER3                            00000000    00000008 =           8. bytes (ABS,CON)

      Value  Global                              Global Defined In Module
      -----  --------------------------------   ------------------------
ASxxxx Linker V03.00 + NoICE + sdld,  page 21.
Hexadecimal  [32-Bits]

Area                                    Addr        Size        Decimal Bytes (Attributes)
--------------------------------        ----        ----        ------- ----- ------------
_HEADER4                            00000000    0000004E =          78. bytes (ABS,CON)

      Value  Global                              Global Defined In Module
      -----  --------------------------------   ------------------------
     00000080  .int                               Runtime
     0000008F  _wait_int_handler                  Runtime
     0000009C  __standard_VBL_handler             Runtime
     000000AC  _refresh_OAM                       Runtime

ASxxxx Linker V03.00 + NoICE + sdld,  page 22.
Hexadecimal  [32-Bits]

Area                                    Addr        Size        Decimal Bytes (Attributes)
--------------------------------        ----        ----        ------- ----- ------------
_HEADER5                            00000000    00000002 =           2. bytes (ABS,CON)

      Value  Global                              Global Defined In Module
      -----  --------------------------------   ------------------------
ASxxxx Linker V03.00 + NoICE + sdld,  page 23.
Hexadecimal  [32-Bits]

Area                                    Addr        Size        Decimal Bytes (Attributes)
--------------------------------        ----        ----        ------- ----- ------------
_HEADER6                            00000000    00000030 =          48. bytes (ABS,CON)

      Value  Global                              Global Defined In Module
      -----  --------------------------------   ------------------------
ASxxxx Linker V03.00 + NoICE + sdld,  page 24.
Hexadecimal  [32-Bits]

Area                                    Addr        Size        Decimal Bytes (Attributes)
--------------------------------        ----        ----        ------- ----- ------------
_HEADER7                            00000000    00000006 =           6. bytes (ABS,CON)

      Value  Global                              Global Defined In Module
      -----  --------------------------------   ------------------------
ASxxxx Linker V03.00 + NoICE + sdld,  page 25.
Hexadecimal  [32-Bits]

Area                                    Addr        Size        Decimal Bytes (Attributes)
--------------------------------        ----        ----        ------- ----- ------------
_HEADER8                            00000000    00000003 =           3. bytes (ABS,CON)

      Value  Global                              Global Defined In Module
      -----  --------------------------------   ------------------------
ASxxxx Linker V03.00 + NoICE + sdld,  page 26.
Hexadecimal  [32-Bits]

Area                                    Addr        Size        Decimal Bytes (Attributes)
--------------------------------        ----        ----        ------- ----- ------------
_HEADER9                            00000000    00000001 =           1. bytes (ABS,CON)

      Value  Global                              Global Defined In Module
      -----  --------------------------------   ------------------------
ASxxxx Linker V03.00 + NoICE + sdld,  page 27.
Hexadecimal  [32-Bits]

Area                                    Addr        Size        Decimal Bytes (Attributes)
--------------------------------        ----        ----        ------- ----- ------------
_HEADERa                            00000000    00000001 =           1. bytes (ABS,CON)

      Value  Global                              Global Defined In Module
      -----  --------------------------------   ------------------------
ASxxxx Linker V03.00 + NoICE + sdld,  page 28.
Hexadecimal  [32-Bits]

Area                                    Addr        Size        Decimal Bytes (Attributes)
--------------------------------        ----        ----        ------- ----- ------------
_HEADERb                            00000000    00000001 =           1. bytes (ABS,CON)

      Value  Global                              Global Defined In Module
      -----  --------------------------------   ------------------------
ASxxxx Linker V03.00 + NoICE + sdld,  page 29.
Hexadecimal  [32-Bits]

Area                                    Addr        Size        Decimal Bytes (Attributes)
--------------------------------        ----        ----        ------- ----- ------------
_HEADERc                            00000000    00000002 =           2. bytes (ABS,CON)

      Value  Global                              Global Defined In Module
      -----  --------------------------------   ------------------------
ASxxxx Linker V03.00 + NoICE + sdld,  page 30.
Hexadecimal  [32-Bits]

Area                                    Addr        Size        Decimal Bytes (Attributes)
--------------------------------        ----        ----        ------- ----- ------------
_HEADERd                            00000000    00000001 =           1. bytes (ABS,CON)

      Value  Global                              Global Defined In Module
      -----  --------------------------------   ------------------------
ASxxxx Linker V03.00 + NoICE + sdld,  page 31.
Hexadecimal  [32-Bits]

Area                                    Addr        Size        Decimal Bytes (Attributes)
--------------------------------        ----        ----        ------- ----- ------------
_HEADERe                            00000000    00000001 =           1. bytes (ABS,CON)

      Value  Global                              Global Defined In Module
      -----  --------------------------------   ------------------------
ASxxxx Linker V03.00 + NoICE + sdld,  page 32.
Hexadecimal  [32-Bits]

Area                                    Addr        Size        Decimal Bytes (Attributes)
--------------------------------        ----        ----        ------- ----- ------------
_HEADERf                            00000000    00000002 =           2. bytes (ABS,CON)

      Value  Global                              Global Defined In Module
      -----  --------------------------------   ------------------------
ASxxxx Linker V03.00 + NoICE + sdld,  page 33.
Hexadecimal  [32-Bits]

Area                                    Addr        Size        Decimal Bytes (Attributes)
--------------------------------        ----        ----        ------- ----- ------------
_HEADER10                           00000000    00000082 =         130. bytes (ABS,CON)

      Value  Global                              Global Defined In Module
      -----  --------------------------------   ------------------------
     00000150  .reset                             Runtime
     00000150  _reset                             Runtime
     00000157  .code_start                        Runtime
     000001B7  _exit                              Runtime
     000001BB  _set_interrupts                    Runtime

ASxxxx Linker V03.00 + NoICE + sdld,  page 34.
Hexadecimal  [32-Bits]

Area                                    Addr        Size        Decimal Bytes (Attributes)
--------------------------------        ----        ----        ------- ----- ------------
_HEADER11                           00000000    00000001 =           1. bytes (ABS,CON)

      Value  Global                              Global Defined In Module
      -----  --------------------------------   ------------------------
ASxxxx Linker V03.00 + NoICE + sdld,  page 35.
Hexadecimal  [32-Bits]

Area                                    Addr        Size        Decimal Bytes (Attributes)
--------------------------------        ----        ----        ------- ----- ------------
_HOME                               00000DE1    00002B97 =       11159. bytes (REL,CON)

      Value  Global                              Global Defined In Module
      -----  --------------------------------   ------------------------
     00000DE1  .memset_simple                     Runtime
     00000DEA  .memcpy_simple                     Runtime
     00000E07  .remove_VBL                        Runtime
     00000E0A  .remove_int                        Runtime
     00000E27  .add_VBL                           Runtime
     00000E2A  .add_int                           Runtime
     00000E35  .wait_vbl_done                     Runtime
     00000E35  _wait_vbl_done                     Runtime
     00000E45  .display_off                       Runtime
     00000E45  _display_off                       Runtime
     00000E5D  _remove_VBL                        Runtime
     00000E68  _add_VBL                           Runtime
     00000E73  _actors_update                     actor
     00001270  _SetBankedBkgData                  bankdata
     0000128C  _SetBankedSpriteData               bankdata
     000012A8  _SetBankedBkgTiles                 bankdata
     000012C4  _SetBankedWinTiles                 bankdata
     000012E0  _ReadBankedFarPtr                  bankdata
     00001307  _ReadBankedUWORD                   bankdata
     00001323  _MemcpyBanked                      bankdata
     0000133F  _MemcpyVRAMBanked                  bankdata
     0000135B  _IndexOfFarPtr                     bankdata
     000013F1  _camera_update                     camera
     00001524  _load_animations                   data_manager
     00001583  _events_update                     events
     00001655  _timers_update                     events
     000016DD  _input_update                      input
     0000170D  .sio_ISR                           
     00001767  .timer_ISR                         
     0000177C  _simple_LCD_isr                    interrupts
     000017F8  _fullscreen_LCD_isr                interrupts
     00001824  _VBL_isr                           interrupts
     0000186E  _isqrt                             math
     000018C4  _sine_wave                         math
     000019C4  _dir_lookup                        math
     000019CC  _dir_angle_lookup                  math
     000019D0  _hUGETrackerRoutine                music_manager
     000019FC  _music_events_update               music_manager
     00001A7E  _music_play_isr                    music_manager
     00001B24  _parallax_LCD_isr                  parallax
     00001B61  _projectiles_update                projectiles
     00002000  _projectiles_render                projectiles
     00002173  _scroll_load_pending_row           scroll
     000021C6  _scroll_load_row                   scroll
     0000220B  _scroll_load_col                   scroll
     0000223F  _scroll_load_pending_col           scroll
     00002297  _set_bkg_submap                    
     000022DA  _set_xy_win_submap                 
     00002307  .set_xy_win_submap                 
     00002310  .set_xy_bkg_submap                 
ASxxxx Linker V03.00 + NoICE + sdld,  page 36.
Hexadecimal  [32-Bits]

Area                                    Addr        Size        Decimal Bytes (Attributes)
--------------------------------        ----        ----        ------- ----- ------------
_HOME                               00000DE1    00002B97 =       11159. bytes (REL,CON)

      Value  Global                              Global Defined In Module
      -----  --------------------------------   ------------------------
     0000231F  .set_xy_submap                     
     00002365  _sfx_play_isr                      sfx_player
     00002438  _on_SIO_receive                    sio
     00002479  _SIO_update                        sio
     000024E0  _ui_update                         ui
     0000260F  _vm_sgb_transfer                   vm_sgb
     0000265D  _vm_load_text                      vm_ui
     000028B2  _vm_switch                         vm
     000029B5  _vm_beginthread                    vm
     00002ADA  _vm_rpn                            vm
     0000321C  _vm_get_far                        vm
     00003286  _vm_call_native                    vm
     00003299  _VM_STEP                           vm
     00003307  _script_runner_update              vm
     00003472  _fill_win_rect                     
     00003484  _rand                              
     00003484  _randw                             
     000034AF  _initrand                          
     000034B1  .initrand                          
     000034BA  _get_bkg_data                      
     000034BA  _get_win_data                      
     00003507  _get_sprite_data                   
     00003537  __mulsuchar                        mul
     00003541  __muluschar                        mul
     0000354B  __mulschar                         mul
     0000355D  __muluchar                         mul
     00003569  __mulint                           mul
     0000358F  _abs                               abs
     0000359E  _set_win_tiles                     
     000035B2  _set_tile_data                     
     000035B7  _set_bkg_data                      
     000035B7  _set_win_data                      
     000035BF  _set_sprite_data                   
     000035EF  _reverse                           reverse
     00003623  ___call__banked                    far_ptr
     00003640  _to_far_ptr                        far_ptr
     00003679  _add_LCD                           
     00003684  .add_LCD                           
     0000368A  _remove_LCD                        
     00003695  .remove_LCD                        
     0000369B  .fill_rect_wtt                     
     000036A4  .fill_rect_btt                     
     000036F1  .copy_vram                         
     00003705  _get_data                          
     00003705  _set_data                          
     00003705  _vmemcpy                           
     00003718  _fill_bkg_rect                     
     0000372A  .padup                             
     0000372A  _waitpadup                         
     0000373A  .jpad                              
     0000373A  _joypad                            
ASxxxx Linker V03.00 + NoICE + sdld,  page 37.
Hexadecimal  [32-Bits]

Area                                    Addr        Size        Decimal Bytes (Attributes)
--------------------------------        ----        ----        ------- ----- ------------
_HOME                               00000DE1    00002B97 =       11159. bytes (REL,CON)

      Value  Global                              Global Defined In Module
      -----  --------------------------------   ------------------------
     00003762  _waitpad                           
     00003765  .wait_pad                          
     0000376C  ___sdcc_call_hl                    call_hl
     0000376D  ___memcpy                          memcpy
     0000376D  _memcpy                            memcpy
     000037B0  _memset                            memset
     000037E3  .set_xy_wtt                        SetTileMap
     000037EC  .set_xy_btt                        SetTileMap
     000037FB  .set_xy_tt                         SetTileMap
     0000383D  __divsuchar                        div
     0000384A  __modsuchar                        div
     00003854  __divuschar                        div
     00003866  __moduschar                        div
     00003876  __divschar                         div
     00003882  __modschar                         div
     0000388C  __divsint                          div
     0000389D  __modsint                          div
     000038AC  __divuchar                         div
     000038B8  __moduchar                         div
     000038C2  __divuint                          div
     000038D3  __moduint                          div
     000038E2  .div8                              div
     000038E2  .mod8                              div
     000038EA  .div16                             div
     000038EA  .mod16                             div
     00003920  .divu8                             div
     00003920  .modu8                             div
     00003923  .divu16                            div
     00003923  .modu16                            div
     00003964  _set_bkg_tiles                     

ASxxxx Linker V03.00 + NoICE + sdld,  page 38.
Hexadecimal  [32-Bits]

Area                                    Addr        Size        Decimal Bytes (Attributes)
--------------------------------        ----        ----        ------- ----- ------------
_INITIALIZER                        00003978    00000019 =          25. bytes (REL,CON)

      Value  Global                              Global Defined In Module
      -----  --------------------------------   ------------------------
ASxxxx Linker V03.00 + NoICE + sdld,  page 39.
Hexadecimal  [32-Bits]

Area                                    Addr        Size        Decimal Bytes (Attributes)
--------------------------------        ----        ----        ------- ----- ------------
_GSINIT                             00003991    00000027 =          39. bytes (REL,CON)

      Value  Global                              Global Defined In Module
      -----  --------------------------------   ------------------------
     00003991  gsinit                             Runtime

ASxxxx Linker V03.00 + NoICE + sdld,  page 40.
Hexadecimal  [32-Bits]

Area                                    Addr        Size        Decimal Bytes (Attributes)
--------------------------------        ----        ----        ------- ----- ------------
_GSFINAL                            000039B8    00000001 =           1. bytes (REL,CON)

      Value  Global                              Global Defined In Module
      -----  --------------------------------   ------------------------
ASxxxx Linker V03.00 + NoICE + sdld,  page 41.
Hexadecimal  [32-Bits]

Area                                    Addr        Size        Decimal Bytes (Attributes)
--------------------------------        ----        ----        ------- ----- ------------
_DATA                               0000C0A0    0000197E =        6526. bytes (REL,CON)

      Value  Global                              Global Defined In Module
      -----  --------------------------------   ------------------------
     0000C0A0  __cpu                              Runtime
     0000C0A1  __is_GBA                           Runtime
     0000C0A2  .mode                              Runtime
     0000C0A3  .sys_time                          Runtime
     0000C0A3  _sys_time                          Runtime
     0000C0A5  .int_0x40                          Runtime
     0000C0B9  _actors                            actor
     0000C4FD  _actors_active_head                actor
     0000C4FF  _actors_active_tail                actor
     0000C501  _actors_inactive_head              actor
     0000C503  _screen_x                          actor
     0000C504  _screen_y                          actor
     0000C505  _invalid                           actor
     0000C507  _player_moving                     actor
     0000C508  _player_iframes                    actor
     0000C509  _player_collision_actor            actor
     0000C50B  _emote_actor                       actor
     0000C50D  _emote_timer                       actor
     0000C50E  _allocated_hardware_sprites        actor
     0000C51A  _camera_x                          camera
     0000C51C  _camera_y                          camera
     0000C51E  _camera_offset_x                   camera
     0000C51F  _camera_offset_y                   camera
     0000C520  _camera_deadzone_x                 camera
     0000C521  _camera_deadzone_y                 camera
     0000C522  _camera_settings                   camera
     0000C526  _current_scene                     data_manager
     0000C529  _image_bank                        data_manager
     0000C52A  _image_ptr                         data_manager
     0000C52C  _image_attr_bank                   data_manager
     0000C52D  _image_attr_ptr                    data_manager
     0000C52F  _collision_bank                    data_manager
     0000C530  _collision_ptr                     data_manager
     0000C532  _image_tile_width                  data_manager
     0000C533  _image_tile_height                 data_manager
     0000C534  _image_width                       data_manager
     0000C536  _image_height                      data_manager
     0000C538  _sprites_len                       data_manager
     0000C539  _actors_len                        data_manager
     0000C53A  _projectiles_len                   data_manager
     0000C53B  _player_sprite_len                 data_manager
     0000C53C  _scene_type                        data_manager
     0000C53D  _scene_LCD_type                    data_manager
     0000C53E  _scene_stack                       data_manager
     0000C57E  _scene_stack_ptr                   data_manager
     0000C580  _scene_sprites_base_tiles          data_manager
     0000C5C0  _input_events                      events
     0000C5E8  _input_slots                       events
     0000C5F0  _timer_events                      events
     0000C604  _timer_values                      events
ASxxxx Linker V03.00 + NoICE + sdld,  page 42.
Hexadecimal  [32-Bits]

Area                                    Addr        Size        Decimal Bytes (Attributes)
--------------------------------        ----        ----        ------- ----- ------------
_DATA                               0000C0A0    0000197E =        6526. bytes (REL,CON)

      Value  Global                              Global Defined In Module
      -----  --------------------------------   ------------------------
     0000C60C  _fade_running                      fade_manager
     0000C60D  _fade_frames_per_step              fade_manager
     0000C60E  _fade_timer                        fade_manager
     0000C616  _joypads                           input
     0000C61B  _frame_joy                         input
     0000C61C  _last_joy                          input
     0000C61D  _recent_joy                        input
     0000C61E  _SIO_status                        
     0000C61F  _link_byte_sent                    
[...]
C:/tmp/_gbsbuild/obj/scene_4_p_hit1.rel   [ scene_4_p_hit1 ]
C:/tmp/_gbsbuild/obj/scene_4_projectiles.rel
                                          [ scene_4_projectiles ]
C:/tmp/_gbsbuild/obj/scene_4_sprites.rel  [ scene_4_sprites ]
C:/tmp/_gbsbuild/obj/scene_4_triggers.rel
                                          [ scene_4_triggers ]
C:/tmp/_gbsbuild/obj/scene_4.rel          [ scene_4 ]
C:/tmp/_gbsbuild/obj/scene_5_actors.rel   [ scene_5_actors ]
C:/tmp/_gbsbuild/obj/scene_5_collisions.rel
                                          [ scene_5_collisions ]
C:/tmp/_gbsbuild/obj/scene_5_init.rel     [ scene_5_init ]
C:/tmp/_gbsbuild/obj/scene_5_p_hit1.rel   [ scene_5_p_hit1 ]
C:/tmp/_gbsbuild/obj/scene_5_projectiles.rel
                                          [ scene_5_projectiles ]
C:/tmp/_gbsbuild/obj/scene_5_sprites.rel  [ scene_5_sprites ]
C:/tmp/_gbsbuild/obj/scene_5_triggers.rel
                                          [ scene_5_triggers ]
C:/tmp/_gbsbuild/obj/scene_5.rel          [ scene_5 ]
C:/tmp/_gbsbuild/obj/scene_6_actors.rel   [ scene_6_actors ]
C:/tmp/_gbsbuild/obj/scene_6_collisions.rel
                                          [ scene_6_collisions ]
C:/tmp/_gbsbuild/obj/scene_6_init.rel     [ scene_6_init ]
C:/tmp/_gbsbuild/obj/scene_6_p_hit1.rel   [ scene_6_p_hit1 ]
C:/tmp/_gbsbuild/obj/scene_6_projectiles.rel
                                          [ scene_6_projectiles ]
C:/tmp/_gbsbuild/obj/scene_6_sprites.rel  [ scene_6_sprites ]
C:/tmp/_gbsbuild/obj/scene_6_triggers.rel
                                          [ scene_6_triggers ]
C:/tmp/_gbsbuild/obj/scene_6.rel          [ scene_6 ]
C:/tmp/_gbsbuild/obj/scene_7_collisions.rel
                                          [ scene_7_collisions ]
C:/tmp/_gbsbuild/obj/scene_7_init.rel     [ scene_7_init ]
C:/tmp/_gbsbuild/obj/scene_7.rel          [ scene_7 ]
C:/tmp/_gbsbuild/obj/scene_8_collisions.rel
                                          [ scene_8_collisions ]
C:/tmp/_gbsbuild/obj/scene_8_init.rel     [ scene_8_init ]
C:/tmp/_gbsbuild/obj/scene_8.rel          [ scene_8 ]
C:/tmp/_gbsbuild/obj/scene_9_actors.rel   [ scene_9_actors ]
C:/tmp/_gbsbuild/obj/scene_9_collisions.rel
                                          [ scene_9_collisions ]
C:/tmp/_gbsbuild/obj/scene_9_init.rel     [ scene_9_init ]
C:/tmp/_gbsbuild/obj/scene_9_p_hit1.rel   [ scene_9_p_hit1 ]
C:/tmp/_gbsbuild/obj/scene_9_projectiles.rel
                                          [ scene_9_projectiles ]
C:/tmp/_gbsbuild/obj/scene_9_sprites.rel  [ scene_9_sprites ]
C:/tmp/_gbsbuild/obj/scene_9_triggers.rel
                                          [ scene_9_triggers ]
C:/tmp/_gbsbuild/obj/scene_9.rel          [ scene_9 ]
C:/tmp/_gbsbuild/obj/script_0.rel         [ script_0 ]
C:/tmp/_gbsbuild/obj/script_1.rel         [ script_1 ]
C:/tmp/_gbsbuild/obj/script_10.rel        [ script_10 ]
C:/tmp/_gbsbuild/obj/script_11.rel        [ script_11 ]
C:/tmp/_gbsbuild/obj/script_13.rel        [ script_13 ]
C:/tmp/_gbsbuild/obj/script_14.rel        [ script_14 ]
C:/tmp/_gbsbuild/obj/script_15.rel        [ script_15 ]
C:/tmp/_gbsbuild/obj/script_16.rel        [ script_16 ]
C:/tmp/_gbsbuild/obj/script_17.rel        [ script_17 ]
C:/tmp/_gbsbuild/obj/script_18.rel        [ script_18 ]
C:/tmp/_gbsbuild/obj/script_19.rel        [ script_19 ]
C:/tmp/_gbsbuild/obj/script_2.rel         [ script_2 ]
C:/tmp/_gbsbuild/obj/script_20.rel        [ script_20 ]
C:/tmp/_gbsbuild/obj/script_21.rel        [ script_21 ]
C:/tmp/_gbsbuild/obj/script_22.rel        [ script_22 ]
C:/tmp/_gbsbuild/obj/script_23.rel        [ script_23 ]
C:/tmp/_gbsbuild/obj/script_4.rel         [ script_4 ]
C:/tmp/_gbsbuild/obj/script_5.rel         [ script_5 ]
C:/tmp/_gbsbuild/obj/script_6.rel         [ script_6 ]
C:/tmp/_gbsbuild/obj/script_7.rel         [ script_7 ]
C:/tmp/_gbsbuild/obj/script_8.rel         [ script_8 ]
C:/tmp/_gbsbuild/obj/script_9.rel         [ script_9 ]
C:/tmp/_gbsbuild/obj/script_engine_init.rel
                                          [  ]
C:/tmp/_gbsbuild/obj/script_input_0.rel   [ script_input_0 ]
C:/tmp/_gbsbuild/obj/script_input_1.rel   [ script_input_1 ]
C:/tmp/_gbsbuild/obj/script_input_10.rel  [ script_input_10 ]
C:/tmp/_gbsbuild/obj/script_input_11.rel  [ script_input_11 ]
C:/tmp/_gbsbuild/obj/script_input_12.rel  [ script_input_12 ]
C:/tmp/_gbsbuild/obj/script_input_13.rel  [ script_input_13 ]
C:/tmp/_gbsbuild/obj/script_input_14.rel  [ script_input_14 ]
C:/tmp/_gbsbuild/obj/script_input_15.rel  [ script_input_15 ]
C:/tmp/_gbsbuild/obj/script_input_16.rel  [ script_input_16 ]
C:/tmp/_gbsbuild/obj/script_input_17.rel  [ script_input_17 ]
C:/tmp/_gbsbuild/obj/script_input_18.rel  [ script_input_18 ]
C:/tmp/_gbsbuild/obj/script_input_19.rel  [ script_input_19 ]
C:/tmp/_gbsbuild/obj/script_input_2.rel   [ script_input_2 ]
C:/tmp/_gbsbuild/obj/script_input_20.rel  [ script_input_20 ]
C:/tmp/_gbsbuild/obj/script_input_21.rel  [ script_input_21 ]
C:/tmp/_gbsbuild/obj/script_input_3.rel   [ script_input_3 ]
C:/tmp/_gbsbuild/obj/script_input_4.rel   [ script_input_4 ]
C:/tmp/_gbsbuild/obj/script_input_5.rel   [ script_input_5 ]
C:/tmp/_gbsbuild/obj/script_input_6.rel   [ script_input_6 ]
C:/tmp/_gbsbuild/obj/script_input_7.rel   [ script_input_7 ]
C:/tmp/_gbsbuild/obj/script_input_8.rel   [ script_input_8 ]
C:/tmp/_gbsbuild/obj/script_input_9.rel   [ script_input_9 ]
C:/tmp/_gbsbuild/obj/sound_legacy_0.rel   [ sound_legacy_0 ]
C:/tmp/_gbsbuild/obj/sound_legacy_1.rel   [ sound_legacy_1 ]
C:/tmp/_gbsbuild/obj/sound_legacy_2.rel   [ sound_legacy_2 ]
C:/tmp/_gbsbuild/obj/sprite_arrowcounter_tileset.rel
                                          [ sprite_arrowcounter_tileset ]
C:/tmp/_gbsbuild/obj/sprite_arrowcounter.rel
                                          [ sprite_arrowcounter ]
C:/tmp/_gbsbuild/obj/sprite_ennemy_grass_tileset.rel
                                          [ sprite_ennemy_grass_tileset ]
C:/tmp/_gbsbuild/obj/sprite_ennemy_grass.rel
                                          [ sprite_ennemy_grass ]
C:/tmp/_gbsbuild/obj/sprite_health_hud_tileset.rel
                                          [ sprite_health_hud_tileset ]
C:/tmp/_gbsbuild/obj/sprite_health_hud.rel
                                          [ sprite_health_hud ]
C:/tmp/_gbsbuild/obj/sprite_hud_tileset.rel
                                          [ sprite_hud_tileset ]
C:/tmp/_gbsbuild/obj/sprite_hud.rel       [ sprite_hud ]
C:/tmp/_gbsbuild/obj/sprite_keys_tileset.rel
                                          [ sprite_keys_tileset ]
C:/tmp/_gbsbuild/obj/sprite_keys.rel      [ sprite_keys ]
C:/tmp/_gbsbuild/obj/sprite_normalenemy_tileset.rel
                                          [ sprite_normalenemy_tileset ]
C:/tmp/_gbsbuild/obj/sprite_normalenemy.rel
                                          [ sprite_normalenemy ]
C:/tmp/_gbsbuild/obj/sprite_player_tileset.rel
                                          [ sprite_player_tileset ]
C:/tmp/_gbsbuild/obj/sprite_player.rel    [ sprite_player ]
C:/tmp/_gbsbuild/obj/sprite_stunprojectile_tileset.rel
                                          [ sprite_stunprojectile_tileset ]
C:/tmp/_gbsbuild/obj/sprite_stunprojectile.rel
                                          [ sprite_stunprojectile ]
C:/tmp/_gbsbuild/obj/sprite_swordprojectile_tileset.rel
                                          [ sprite_swordprojectile_tileset ]
C:/tmp/_gbsbuild/obj/sprite_swordprojectile.rel
                                          [ sprite_swordprojectile ]
C:/tmp/_gbsbuild/obj/spritesheet_none.rel
                                          [ spritesheet_none ]
C:/tmp/_gbsbuild/obj/trigger_0_interact.rel
                                          [ trigger_0_interact ]
C:/tmp/_gbsbuild/obj/trigger_1_interact.rel
                                          [ trigger_1_interact ]
C:/tmp/_gbsbuild/obj/trigger_10_interact.rel
                                          [ trigger_10_interact ]
C:/tmp/_gbsbuild/obj/trigger_11_interact.rel
                                          [ trigger_11_interact ]
C:/tmp/_gbsbuild/obj/trigger_12_interact.rel
                                          [ trigger_12_interact ]
C:/tmp/_gbsbuild/obj/trigger_13_interact.rel
                                          [ trigger_13_interact ]
C:/tmp/_gbsbuild/obj/trigger_14_interact.rel
                                          [ trigger_14_interact ]
C:/tmp/_gbsbuild/obj/trigger_15_interact.rel
                                          [ trigger_15_interact ]
C:/tmp/_gbsbuild/obj/trigger_16_interact.rel
                                          [ trigger_16_interact ]
C:/tmp/_gbsbuild/obj/trigger_17_interact.rel
                                          [ trigger_17_interact ]
C:/tmp/_gbsbuild/obj/trigger_18_interact.rel
                                          [ trigger_18_interact ]
C:/tmp/_gbsbuild/obj/trigger_19_interact.rel
                                          [ trigger_19_interact ]
C:/tmp/_gbsbuild/obj/trigger_2_interact.rel
                                          [ trigger_2_interact ]
C:/tmp/_gbsbuild/obj/trigger_20_interact.rel
                                          [ trigger_20_interact ]
C:/tmp/_gbsbuild/obj/trigger_21_interact.rel
                                          [ trigger_21_interact ]
C:/tmp/_gbsbuild/obj/trigger_22_interact.rel
                                          [ trigger_22_interact ]
C:/tmp/_gbsbuild/obj/trigger_23_interact.rel
                                          [ trigger_23_interact ]
C:/tmp/_gbsbuild/obj/trigger_24_interact.rel
                                          [ trigger_24_interact ]
C:/tmp/_gbsbuild/obj/trigger_25_interact.rel
                                          [ trigger_25_interact ]
C:/tmp/_gbsbuild/obj/trigger_26_interact.rel
                                          [ trigger_26_interact ]
C:/tmp/_gbsbuild/obj/trigger_27_interact.rel
                                          [ trigger_27_interact ]
C:/tmp/_gbsbuild/obj/trigger_28_interact.rel
                                          [ trigger_28_interact ]
C:/tmp/_gbsbuild/obj/trigger_29_interact.rel
                                          [ trigger_29_interact ]
C:/tmp/_gbsbuild/obj/trigger_3_interact.rel
                                          [ trigger_3_interact ]
C:/tmp/_gbsbuild/obj/trigger_30_interact.rel
                                          [ trigger_30_interact ]
C:/tmp/_gbsbuild/obj/trigger_31_interact.rel
                                          [ trigger_31_interact ]
C:/tmp/_gbsbuild/obj/trigger_32_interact.rel
                                          [ trigger_32_interact ]
C:/tmp/_gbsbuild/obj/trigger_33_interact.rel
                                          [ trigger_33_interact ]
C:/tmp/_gbsbuild/obj/trigger_34_interact.rel
                                          [ trigger_34_interact ]
C:/tmp/_gbsbuild/obj/trigger_35_interact.rel
                                          [ trigger_35_interact ]
C:/tmp/_gbsbuild/obj/trigger_36_interact.rel
                                          [ trigger_36_interact ]
C:/tmp/_gbsbuild/obj/trigger_37_interact.rel
                                          [ trigger_37_interact ]
C:/tmp/_gbsbuild/obj/trigger_38_interact.rel
                                          [ trigger_38_interact ]
C:/tmp/_gbsbuild/obj/trigger_39_interact.rel
                                          [ trigger_39_interact ]
C:/tmp/_gbsbuild/obj/trigger_4_interact.rel
                                          [ trigger_4_interact ]
C:/tmp/_gbsbuild/obj/trigger_40_interact.rel
                                          [ trigger_40_interact ]
C:/tmp/_gbsbuild/obj/trigger_41_interact.rel
                                          [ trigger_41_interact ]
C:/tmp/_gbsbuild/obj/trigger_42_interact.rel
                                          [ trigger_42_interact ]
C:/tmp/_gbsbuild/obj/trigger_43_interact.rel
                                          [ trigger_43_interact ]
C:/tmp/_gbsbuild/obj/trigger_44_interact.rel
                                          [ trigger_44_interact ]
C:/tmp/_gbsbuild/obj/trigger_45_interact.rel
                                          [ trigger_45_interact ]
C:/tmp/_gbsbuild/obj/trigger_46_interact.rel
                                          [ trigger_46_interact ]
C:/tmp/_gbsbuild/obj/trigger_47_interact.rel
                                          [ trigger_47_interact ]
C:/tmp/_gbsbuild/obj/trigger_48_interact.rel
                                          [ trigger_48_interact ]
C:/tmp/_gbsbuild/obj/trigger_49_interact.rel
                                          [ trigger_49_interact ]
C:/tmp/_gbsbuild/obj/trigger_5_interact.rel
                                          [ trigger_5_interact ]
C:/tmp/_gbsbuild/obj/trigger_50_interact.rel
                                          [ trigger_50_interact ]
C:/tmp/_gbsbuild/obj/trigger_51_interact.rel
                                          [ trigger_51_interact ]
C:/tmp/_gbsbuild/obj/trigger_52_interact.rel
                                          [ trigger_52_interact ]
C:/tmp/_gbsbuild/obj/trigger_53_interact.rel
                                          [ trigger_53_interact ]
C:/tmp/_gbsbuild/obj/trigger_54_interact.rel
                                          [ trigger_54_interact ]
C:/tmp/_gbsbuild/obj/trigger_55_interact.rel
                                          [ trigger_55_interact ]
C:/tmp/_gbsbuild/obj/trigger_56_interact.rel
                                          [ trigger_56_interact ]
C:/tmp/_gbsbuild/obj/trigger_57_interact.rel
                                          [ trigger_57_interact ]
C:/tmp/_gbsbuild/obj/trigger_58_interact.rel
                                          [ trigger_58_interact ]
C:/tmp/_gbsbuild/obj/trigger_59_interact.rel
                                          [ trigger_59_interact ]
C:/tmp/_gbsbuild/obj/trigger_6_interact.rel
                                          [ trigger_6_interact ]
C:/tmp/_gbsbuild/obj/trigger_60_interact.rel
                                          [ trigger_60_interact ]
C:/tmp/_gbsbuild/obj/trigger_61_interact.rel
                                          [ trigger_61_interact ]
C:/tmp/_gbsbuild/obj/trigger_62_interact.rel
                                          [ trigger_62_interact ]
C:/tmp/_gbsbuild/obj/trigger_63_interact.rel
                                          [ trigger_63_interact ]
C:/tmp/_gbsbuild/obj/trigger_64_interact.rel
                                          [ trigger_64_interact ]
C:/tmp/_gbsbuild/obj/trigger_65_interact.rel
                                          [ trigger_65_interact ]
C:/tmp/_gbsbuild/obj/trigger_66_interact.rel
                                          [ trigger_66_interact ]
C:/tmp/_gbsbuild/obj/trigger_67_interact.rel
                                          [ trigger_67_interact ]
C:/tmp/_gbsbuild/obj/trigger_68_interact.rel
                                          [ trigger_68_interact ]
C:/tmp/_gbsbuild/obj/trigger_69_interact.rel
                                          [ trigger_69_interact ]
C:/tmp/_gbsbuild/obj/trigger_7_interact.rel
                                          [ trigger_7_interact ]
C:/tmp/_gbsbuild/obj/trigger_70_interact.rel
                                          [ trigger_70_interact ]
C:/tmp/_gbsbuild/obj/trigger_71_interact.rel
                                          [ trigger_71_interact ]
C:/tmp/_gbsbuild/obj/trigger_72_interact.rel
                                          [ trigger_72_interact ]
C:/tmp/_gbsbuild/obj/trigger_73_interact.rel
                                          [ trigger_73_interact ]
C:/tmp/_gbsbuild/obj/trigger_74_interact.rel
                                          [ trigger_74_interact ]
C:/tmp/_gbsbuild/obj/trigger_75_interact.rel
                                          [ trigger_75_interact ]
C:/tmp/_gbsbuild/obj/trigger_76_interact.rel
                                          [ trigger_76_interact ]
C:/tmp/_gbsbuild/obj/trigger_77_interact.rel
                                          [ trigger_77_interact ]
C:/tmp/_gbsbuild/obj/trigger_78_interact.rel
                                          [ trigger_78_interact ]
C:/tmp/_gbsbuild/obj/trigger_79_interact.rel
                                          [ trigger_79_interact ]
C:/tmp/_gbsbuild/obj/trigger_8_interact.rel
                                          [ trigger_8_interact ]
C:/tmp/_gbsbuild/obj/trigger_9_interact.rel
                                          [ trigger_9_interact ]
C:/tmp/_gbsbuild/obj/main.rel             [ main ]
C:/tmp/_gbsbuild/obj/adventure.rel        [ adventure ]
C:/tmp/_gbsbuild/obj/logo.rel             [ logo ]
C:/tmp/_gbsbuild/obj/platform.rel         [ platform ]
C:/tmp/_gbsbuild/obj/pointnclick.rel      [ pointnclick ]
C:/tmp/_gbsbuild/obj/shmup.rel            [ shmup ]
C:/tmp/_gbsbuild/obj/states_ptrs.rel      [  ]
C:/tmp/_gbsbuild/obj/topdown.rel          [ topdown ]


Libraries Linked                          [ object file ]

C:\tmp/_gbstools/gbdk/lib/small/asxxxx/gb/gb.lib
                                          [ fill_rect_wi.o ]
C:\tmp/_gbstools/gbdk/lib/small/asxxxx/gbz80/gbz80.lib
                                          [ rand.o ]
lib/hUGEDriver.lib                        [ hUGEDriver.obj.o ]
C:\tmp/_gbstools/gbdk/lib/small/asxxxx/gb/gb.lib
                                          [ sfr.o ]
C:\tmp/_gbstools/gbdk/lib/small/asxxxx/gb/gb.lib
                                          [ get_data.o ]
C:\tmp/_gbstools/gbdk/lib/small/asxxxx/gb/gb.lib
                                          [ get_tile.o ]
C:\tmp/_gbstools/gbdk/lib/small/asxxxx/gb/gb.lib
                                          [ metasprites_hide_spr.o ]
C:\tmp/_gbstools/gbdk/lib/small/asxxxx/gbz80/gbz80.lib
                                          [ mul.o ]
C:\tmp/_gbstools/gbdk/lib/small/asxxxx/gbz80/gbz80.lib
                                          [ abs.o ]
C:\tmp/_gbstools/gbdk/lib/small/asxxxx/gb/gb.lib
                                          [ set_wi_t.o ]
C:\tmp/_gbstools/gbdk/lib/small/asxxxx/gb/gb.lib
                                          [ set_data.o ]
C:\tmp/_gbstools/gbdk/lib/small/asxxxx/gbz80/gbz80.lib
                                          [ reverse.o ]
C:\tmp/_gbstools/gbdk/lib/small/asxxxx/gb/gb.lib
                                          [ far_ptr.o ]
C:\tmp/_gbstools/gbdk/lib/small/asxxxx/gb/gb.lib
                                          [ sgb.o ]
C:\tmp/_gbstools/gbdk/lib/small/asxxxx/gb/gb.lib
                                          [ lcd.o ]
C:\tmp/_gbstools/gbdk/lib/small/asxxxx/gb/gb.lib
                                          [ fill_rect.o ]
C:\tmp/_gbstools/gbdk/lib/small/asxxxx/gb/gb.lib
                                          [ cpy_data.o ]
C:\tmp/_gbstools/gbdk/lib/small/asxxxx/gb/gb.lib
                                          [ fill_rect_bk.o ]
C:\tmp/_gbstools/gbdk/lib/small/asxxxx/gb/gb.lib
                                          [ pad.o ]
C:\tmp/_gbstools/gbdk/lib/small/asxxxx/gb/gb.lib
                                          [ metasprites.o ]
C:\tmp/_gbstools/gbdk/lib/small/asxxxx/gbz80/gbz80.lib
                                          [ __sdcc_call_hl.o ]
C:\tmp/_gbstools/gbdk/lib/small/asxxxx/gbz80/gbz80.lib
                                          [ _memcpy.o ]
C:\tmp/_gbstools/gbdk/lib/small/asxxxx/gbz80/gbz80.lib
                                          [ _memset.o ]
C:\tmp/_gbstools/gbdk/lib/small/asxxxx/gb/gb.lib
                                          [ set_xy_t.o ]
C:\tmp/_gbstools/gbdk/lib/small/asxxxx/gbz80/gbz80.lib
                                          [ div.o ]
C:\tmp/_gbstools/gbdk/lib/small/asxxxx/gb/gb.lib
                                          [ set_bk_t.o ]

ASxxxx Linker V03.00 + NoICE + sdld,  page 76.

User Base Address Definitions

_DATA=0xC0A0
_CODE=0x0200
ASxxxx Linker V03.00 + NoICE + sdld,  page 77.

User Global Definitions

.STACK=0xDF00
_shadow_OAM=0xC000
.refresh_OAM=0xFF80
__start_save=12

